{
    "status": "pass",
    "version": "1",
    "serviceId": "test-service",
    "description": "test-desciption",
    "time": "2025-03-16T15:22:42+00:00",
    "checks": {
        "example:check": [
            {
                "componentType": "duration",
                "status": "pass",
                "time": "2024-01-01T00:01:00+00:00",
                "observedValue": "0",
                "observedUnit": "ms"
            }
        ]
    }
}
