[
    {
        "componentId": "component-id",
        "componentType": "component-type",
        "status": "pass",
        "time": "2024-01-15T12:43:41+00:00",
        "observedValue": "23",
        "observedUnit": "ms"
    }
]
